2026/08/05 15:06:14 INFO request requestId=1bc6784a1aa4d7bf1b7fa74dd9f0bb92 method=GET path=/api/health clientIP=::1 userAgent="Mozilla/5.0 (Windows NT; Windows NT 10.0; zh-CN) WindowsPowerShell/5.1.26100.8875" status=200 reqSize=0 respSize=163 latency=543
2026/08/05 15:06:15 INFO request requestId=4ea806afab55db2d0089c0b52107ee50 method=GET path=/api/chain-head clientIP=::1 userAgent="Mozilla/5.0 (Windows NT; Windows NT 10.0; zh-CN) WindowsPowerShell/5.1.26100.8875" status=200 reqSize=0 respSize=237 latency=235
2026/08/05 15:06:21 INFO request requestId=5b8545b5382058fe9850594bb08be833 method=GET path=/api/network/list clientIP=::1 userAgent="Mozilla/5.0 (Windows NT; Windows NT 10.0; zh-CN) WindowsPowerShell/5.1.26100.8875" status=200 reqSize=0 respSize=309 latency=0
2026/08/05 15:06:21 INFO request requestId=34924d28561d6098e841e39cb41ddc4e method=GET path=/api/idl/metadata clientIP=::1 userAgent="Mozilla/5.0 (Windows NT; Windows NT 10.0; zh-CN) WindowsPowerShell/5.1.26100.8875" status=200 reqSize=0 respSize=36395 latency=0
2026/08/05 15:06:29 INFO request requestId=371e6a1586207f87569f93d0c0e20b31 method=GET path=/api/idl/metadata clientIP=::1 userAgent="Mozilla/5.0 (Windows NT; Windows NT 10.0; zh-CN) WindowsPowerShell/5.1.26100.8875" status=200 reqSize=0 respSize=36395 latency=0
2026/08/05 15:06:36 INFO business requestId=0b49f2bb5956ef1e9a77e8405155a861 endpoint=GenerateAccount keyType=secp256k1 address=4ZUBQLcLKhkrgzwduMvoykKKFyHp
2026/08/05 15:06:36 INFO request requestId=0b49f2bb5956ef1e9a77e8405155a861 method=POST path=/api/accounts/generate clientIP=::1 userAgent="Mozilla/5.0 (Windows NT; Windows NT 10.0; zh-CN) WindowsPowerShell/5.1.26100.8875" status=200 reqSize=23 respSize=291 latency=1
2026/08/05 15:06:42 ERROR sdk error requestId=6ed024811d312080f6f8403270d03e9f endpoint=ReadContract error="failed to encode instruction: IDL method not found: LabelOf"
2026/08/05 15:06:42 ERROR request requestId=6ed024811d312080f6f8403270d03e9f method=POST path=/api/read clientIP=::1 userAgent="Mozilla/5.0 (Windows NT; Windows NT 10.0; zh-CN) WindowsPowerShell/5.1.26100.8875" status=500 reqSize=52 respSize=166 latency=0
2026/08/05 15:06:50 INFO request requestId=c0e74037054ec90f3bde3762517637d0 method=GET path=/api/idl/metadata clientIP=::1 userAgent="Mozilla/5.0 (Windows NT; Windows NT 10.0; zh-CN) WindowsPowerShell/5.1.26100.8875" status=200 reqSize=0 respSize=36395 latency=0
2026/08/05 15:06:58 INFO business requestId=001e846b578dc4798771682478d502a6 endpoint=GenerateAccount keyType=secp256k1 address=4UQCNZdegsNL41wGRBfBWFcAFLBg
2026/08/05 15:06:58 INFO request requestId=001e846b578dc4798771682478d502a6 method=POST path=/api/accounts/generate clientIP=::1 userAgent="Mozilla/5.0 (Windows NT; Windows NT 10.0; zh-CN) WindowsPowerShell/5.1.26100.8875" status=200 reqSize=23 respSize=291 latency=1
2026/08/05 15:06:58 ERROR sdk error requestId=945565a72d9aa4fa916c8d751ab90cb2 endpoint=ReadContract error="failed to encode instruction: missing IDL argument: token"
2026/08/05 15:06:58 ERROR request requestId=945565a72d9aa4fa916c8d751ab90cb2 method=POST path=/api/read clientIP=::1 userAgent="Mozilla/5.0 (Windows NT; Windows NT 10.0; zh-CN) WindowsPowerShell/5.1.26100.8875" status=500 reqSize=92 respSize=164 latency=0
2026/08/05 15:07:09 INFO request requestId=e04356cbcb6700726017bfa73f84fe73 method=GET path=/api/idl/metadata clientIP=::1 userAgent="Mozilla/5.0 (Windows NT; Windows NT 10.0; zh-CN) WindowsPowerShell/5.1.26100.8875" status=200 reqSize=0 respSize=36395 latency=0
2026/08/05 15:07:17 INFO request requestId=11e4939e29e0b883ce5cf85a9f4da1d9 method=POST path=/api/read clientIP=::1 userAgent="Mozilla/5.0 (Windows NT; Windows NT 10.0; zh-CN) WindowsPowerShell/5.1.26100.8875" status=200 reqSize=133 respSize=271 latency=1132
2026/08/05 15:07:25 INFO request requestId=aa2a583c91395d49d94b3b438aaa48c6 method=POST path=/api/simulate clientIP=::1 userAgent="Mozilla/5.0 (Windows NT; Windows NT 10.0; zh-CN) WindowsPowerShell/5.1.26100.8875" status=200 reqSize=303 respSize=515 latency=432
2026/08/05 15:07:35 INFO request requestId=66972ab7c625c6993d6353587ae3ceef method=POST path=/api/simulate clientIP=::1 userAgent="Mozilla/5.0 (Windows NT; Windows NT 10.0; zh-CN) WindowsPowerShell/5.1.26100.8875" status=200 reqSize=308 respSize=518 latency=1463
2026/08/05 15:07:45 ERROR sdk error requestId=80202fbffbd63efcd15dceee97793d5c endpoint=SimulateContract error="failed to simulate sign ix: public key does not match owner address"
2026/08/05 15:07:45 ERROR request requestId=80202fbffbd63efcd15dceee97793d5c method=POST path=/api/simulate clientIP=::1 userAgent="Mozilla/5.0 (Windows NT; Windows NT 10.0; zh-CN) WindowsPowerShell/5.1.26100.8875" status=500 reqSize=463 respSize=178 latency=1
2026/08/05 15:07:45 INFO request requestId=9469d85636d5f9d005b71f11b5be252f method=POST path=/api/simulate clientIP=::1 userAgent="Mozilla/5.0 (Windows NT; Windows NT 10.0; zh-CN) WindowsPowerShell/5.1.26100.8875" status=200 reqSize=291 respSize=516 latency=455
2026/08/05 15:07:52 INFO business requestId=8667a99bd19016ffaa87700da6d324d7 endpoint=GenerateAccount keyType=secp256k1 address=3qTV9CorgUGWWna6f8T4ZDx58tHB
2026/08/05 15:07:52 INFO request requestId=8667a99bd19016ffaa87700da6d324d7 method=POST path=/api/accounts/generate clientIP=::1 userAgent="Mozilla/5.0 (Windows NT; Windows NT 10.0; zh-CN) WindowsPowerShell/5.1.26100.8875" status=200 reqSize=23 respSize=291 latency=0
2026/08/05 15:08:02 INFO request requestId=bc1c81c2020c1b5d452e55a63f88654a method=POST path=/api/simulate clientIP=::1 userAgent="Mozilla/5.0 (Windows NT; Windows NT 10.0; zh-CN) WindowsPowerShell/5.1.26100.8875" status=200 reqSize=463 respSize=519 latency=449
2026/08/05 15:08:02 INFO request requestId=467ff4645126c37212d13cd8d3e0f537 method=POST path=/api/simulate clientIP=::1 userAgent="Mozilla/5.0 (Windows NT; Windows NT 10.0; zh-CN) WindowsPowerShell/5.1.26100.8875" status=200 reqSize=295 respSize=516 latency=459
2026/08/05 15:08:16 INFO request requestId=1bbd89c267d7833231e4e451fa31a091 method=POST path=/api/simulate clientIP=::1 userAgent="Mozilla/5.0 (Windows NT; Windows NT 10.0; zh-CN) WindowsPowerShell/5.1.26100.8875" status=200 reqSize=465 respSize=519 latency=2330
2026/08/05 15:08:29 INFO business requestId=ba5c397aa8a376d4f85dec237a5a6a11 endpoint=ClaimFaucet address=4ZUBQLcLKhkrgzwduMvoykKKFyHp txHash=96520acaabf47406e159a3d3b66c0d3b8e007f5eacde46a0bd735d9ab1d69c28
2026/08/05 15:08:29 INFO request requestId=ba5c397aa8a376d4f85dec237a5a6a11 method=POST path=/api/faucet/claim clientIP=::1 userAgent="Mozilla/5.0 (Windows NT; Windows NT 10.0; zh-CN) WindowsPowerShell/5.1.26100.8875" status=200 reqSize=237 respSize=221 latency=2931
2026/08/05 15:08:37 INFO request requestId=a03ab639e6aec205ca314222b8924aa1 method=GET path=/api/transactions/96520acaabf47406e159a3d3b66c0d3b8e007f5eacde46a0bd735d9ab1d69c28 clientIP=::1 userAgent="Mozilla/5.0 (Windows NT; Windows NT 10.0; zh-CN) WindowsPowerShell/5.1.26100.8875" status=200 reqSize=0 respSize=1471 latency=276
2026/08/05 15:08:38 INFO request requestId=f34a606d1c547f3b8fe88c86ba6a4ed8 method=GET path=/api/faucet/balance/4ZUBQLcLKhkrgzwduMvoykKKFyHp clientIP=::1 userAgent="Mozilla/5.0 (Windows NT; Windows NT 10.0; zh-CN) WindowsPowerShell/5.1.26100.8875" status=200 reqSize=0 respSize=151 latency=286
2026/08/05 15:08:47 INFO business requestId=3e1b863912aec74de17a5b7309f4b819 endpoint=WriteContract txHash=97c82121fcc34dbf37c64fa0d6b75b1d7082ad703cec6d1992a5e744e422d506 appName=token methodName=FaucetCooldownRemaining
2026/08/05 15:08:47 INFO request requestId=3e1b863912aec74de17a5b7309f4b819 method=POST path=/api/write clientIP=::1 userAgent="Mozilla/5.0 (Windows NT; Windows NT 10.0; zh-CN) WindowsPowerShell/5.1.26100.8875" status=200 reqSize=388 respSize=165 latency=451
2026/08/05 15:08:56 INFO business requestId=19b01747c7b052c7c0166a8df5aa5f85 endpoint=WriteContractMultisig txHash=8c19302f8097acae1f47ca174deaa3d3ab76f097641a03b56b55a6f80c5d5756 appName=token methodName=FaucetCooldownRemaining
2026/08/05 15:08:56 INFO request requestId=19b01747c7b052c7c0166a8df5aa5f85 method=POST path=/api/write/multisig clientIP=::1 userAgent="Mozilla/5.0 (Windows NT; Windows NT 10.0; zh-CN) WindowsPowerShell/5.1.26100.8875" status=200 reqSize=376 respSize=165 latency=501
2026/08/05 15:09:06 INFO request requestId=8d91eba27851859b5aaf061677c6b3a5 method=GET path=/api/rpc/blocks/353 clientIP=::1 userAgent="Mozilla/5.0 (Windows NT; Windows NT 10.0; zh-CN) WindowsPowerShell/5.1.26100.8875" status=200 reqSize=0 respSize=1759 latency=234
2026/08/05 15:09:06 INFO request requestId=4f12991fec68806a26171d6ff72f020f method=GET path=/api/transactions/96520acaabf47406e159a3d3b66c0d3b8e007f5eacde46a0bd735d9ab1d69c28/events clientIP=::1 userAgent="Mozilla/5.0 (Windows NT; Windows NT 10.0; zh-CN) WindowsPowerShell/5.1.26100.8875" status=200 reqSize=0 respSize=101 latency=234
2026/08/05 15:09:07 ERROR sdk error requestId=52d382842cf43077cafc403d73151ea3 endpoint=GetAccount error="API returned error status: {Message:account not found: 4ZUBQLcLKhkrgzwduMvoykKKFyHp Code:<nil> Data:<nil>}"
2026/08/05 15:09:07 ERROR request requestId=52d382842cf43077cafc403d73151ea3 method=GET path=/api/accounts/4ZUBQLcLKhkrgzwduMvoykKKFyHp clientIP=::1 userAgent="Mozilla/5.0 (Windows NT; Windows NT 10.0; zh-CN) WindowsPowerShell/5.1.26100.8875" status=500 reqSize=0 respSize=231 latency=238
2026/08/05 15:09:20 ERROR sdk error requestId=cdd5f0a5074fbb6262777ffcc6c582a1 endpoint=GetAccount error="API returned error status: {Message:account not found: 3qTV9CorgUGWWna6f8T4ZDx58tHB Code:<nil> Data:<nil>}"
2026/08/05 15:09:20 ERROR request requestId=cdd5f0a5074fbb6262777ffcc6c582a1 method=GET path=/api/accounts/3qTV9CorgUGWWna6f8T4ZDx58tHB clientIP=::1 userAgent="Mozilla/5.0 (Windows NT; Windows NT 10.0; zh-CN) WindowsPowerShell/5.1.26100.8875" status=500 reqSize=0 respSize=231 latency=237
2026/08/05 15:09:29 ERROR sdk error requestId=462119e2545ce44376dfef4b1cbc326f endpoint=GetAccount error="API returned error status: {Message:account not found: 22EEMnoEUM54XEGYNJ3tasx5mXBX Code:<nil> Data:<nil>}"
2026/08/05 15:09:29 ERROR request requestId=462119e2545ce44376dfef4b1cbc326f method=GET path=/api/accounts/22EEMnoEUM54XEGYNJ3tasx5mXBX clientIP=::1 userAgent="Mozilla/5.0 (Windows NT; Windows NT 10.0; zh-CN) WindowsPowerShell/5.1.26100.8875" status=500 reqSize=0 respSize=231 latency=263
2026/08/05 15:09:45 INFO request requestId=980619705b238e4d4c648e0bca37ae45 method=GET path=/api/network/current clientIP=::1 userAgent="Mozilla/5.0 (Windows NT; Windows NT 10.0; zh-CN) WindowsPowerShell/5.1.26100.8875" status=200 reqSize=0 respSize=197 latency=0
2026/08/05 15:09:45 WARN request requestId=5151c7aae309ef9810f4295a7b67cfd5 method=POST path=/api/rpc/access-value clientIP=::1 userAgent="Mozilla/5.0 (Windows NT; Windows NT 10.0; zh-CN) WindowsPowerShell/5.1.26100.8875" status=400 reqSize=23 respSize=134 latency=0
2026/08/05 15:09:45 WARN request requestId=7137c123a56b63a113ec883597f6d94f method=GET path=/api/rpc/resource-paths/abcd clientIP=::1 userAgent="Mozilla/5.0 (Windows NT; Windows NT 10.0; zh-CN) WindowsPowerShell/5.1.26100.8875" status=400 reqSize=0 respSize=129 latency=0
2026/08/05 15:11:36 INFO request requestId=0a907a09713920ec60cfb8f38441ea44 method=POST path=/api/transactions/inspect clientIP=::1 userAgent="Mozilla/5.0 (Windows NT; Windows NT 10.0; zh-CN) WindowsPowerShell/5.1.26100.8875" status=200 reqSize=250 respSize=297 latency=0
2026/08/05 15:11:46 ERROR sdk error requestId=a7875859b5d3a52e30fe699dabe14c77 endpoint=ViewSingle error="API returned error status: {Message:bad request format Code:<nil> Data:<nil>}"
2026/08/05 15:11:46 ERROR request requestId=a7875859b5d3a52e30fe699dabe14c77 method=POST path=/api/view/single clientIP=::1 userAgent="Mozilla/5.0 (Windows NT; Windows NT 10.0; zh-CN) WindowsPowerShell/5.1.26100.8875" status=500 reqSize=250 respSize=202 latency=443
2026/08/05 15:11:47 ERROR sdk error requestId=9b2e5b49e85d020fe57a2099fc40173e endpoint=SimulateTransaction error="API returned error status xxx: &{Message:unknown method discriminator: app_id=1, disc=770 Code:0x278f750b2c18 Data:0x278f750b0408}"
2026/08/05 15:11:47 ERROR request requestId=9b2e5b49e85d020fe57a2099fc40173e method=POST path=/api/transactions/simulate clientIP=::1 userAgent="Mozilla/5.0 (Windows NT; Windows NT 10.0; zh-CN) WindowsPowerShell/5.1.26100.8875" status=500 reqSize=250 respSize=249 latency=444
2026/08/05 15:12:15 INFO request requestId=9a36e65f4acbdbfba99a2faa713f9111 method=POST path=/api/transactions/inspect clientIP=::1 userAgent="Mozilla/5.0 (Windows NT; Windows NT 10.0; zh-CN) WindowsPowerShell/5.1.26100.8875" status=200 reqSize=274 respSize=297 latency=0
2026/08/05 15:12:15 ERROR sdk error requestId=e184af7b5e7ddf8a75a8a0684e86abca endpoint=ViewSingle error="API returned error status: {Message:bad request format Code:<nil> Data:<nil>}"
2026/08/05 15:12:15 ERROR request requestId=e184af7b5e7ddf8a75a8a0684e86abca method=POST path=/api/view/single clientIP=::1 userAgent="Mozilla/5.0 (Windows NT; Windows NT 10.0; zh-CN) WindowsPowerShell/5.1.26100.8875" status=500 reqSize=274 respSize=202 latency=223
2026/08/05 15:12:40 ERROR sdk error requestId=740f1b4828d556615b657ef7f6c3868b endpoint=ViewSingle error="API returned error status: {Message:bad request format Code:<nil> Data:<nil>}"
2026/08/05 15:12:40 ERROR request requestId=740f1b4828d556615b657ef7f6c3868b method=POST path=/api/view/single clientIP=::1 userAgent="Mozilla/5.0 (Windows NT; Windows NT 10.0; zh-CN) WindowsPowerShell/5.1.26100.8875" status=500 reqSize=298 respSize=202 latency=223
2026/08/05 15:12:41 ERROR sdk error requestId=aff50a929748f7861a48f15c3b6db56d endpoint=ViewMulti error="API returned error status: {Message:bad request format Code:<nil> Data:<nil>}"
2026/08/05 15:12:41 ERROR request requestId=aff50a929748f7861a48f15c3b6db56d method=POST path=/api/view/multi clientIP=::1 userAgent="Mozilla/5.0 (Windows NT; Windows NT 10.0; zh-CN) WindowsPowerShell/5.1.26100.8875" status=500 reqSize=298 respSize=201 latency=229
2026/08/05 15:17:24 INFO request requestId=4c4ec885755dcb666ba5b4cce391f1a4 method=POST path=/api/view/single clientIP=::1 userAgent="Mozilla/5.0 (Windows NT; Windows NT 10.0; zh-CN) WindowsPowerShell/5.1.26100.8875" status=200 reqSize=86 respSize=90 latency=473
2026/08/05 15:17:24 INFO request requestId=d41041d7be66a2fb5657e8cbaa66021a method=POST path=/api/view/multi clientIP=::1 userAgent="Mozilla/5.0 (Windows NT; Windows NT 10.0; zh-CN) WindowsPowerShell/5.1.26100.8875" status=200 reqSize=86 respSize=274 latency=244
2026/08/05 15:17:34 INFO request requestId=7895a2c078db4aaf1a6c483e81aea9f5 method=POST path=/api/transactions/simulate clientIP=::1 userAgent="Mozilla/5.0 (Windows NT; Windows NT 10.0; zh-CN) WindowsPowerShell/5.1.26100.8875" status=200 reqSize=298 respSize=487 latency=449
2026/08/05 15:17:42 INFO business requestId=654d4500437f1e2b3d795941979b1408 endpoint=SwitchNetwork network=localNet
2026/08/05 15:17:43 INFO request requestId=654d4500437f1e2b3d795941979b1408 method=POST path=/api/network/switch clientIP=::1 userAgent="Mozilla/5.0 (Windows NT; Windows NT 10.0; zh-CN) WindowsPowerShell/5.1.26100.8875" status=200 reqSize=22 respSize=98 latency=3
2026/08/05 15:17:43 INFO request requestId=0399fd6dcddaeec4b8076a9f71296b42 method=GET path=/api/network/current clientIP=::1 userAgent="Mozilla/5.0 (Windows NT; Windows NT 10.0; zh-CN) WindowsPowerShell/5.1.26100.8875" status=200 reqSize=0 respSize=196 latency=0
2026/08/05 15:17:43 INFO business requestId=67b497a442bc1dfd9ad6725a08c831a6 endpoint=SwitchNetwork network=devNet
2026/08/05 15:17:43 INFO request requestId=67b497a442bc1dfd9ad6725a08c831a6 method=POST path=/api/network/switch clientIP=::1 userAgent="Mozilla/5.0 (Windows NT; Windows NT 10.0; zh-CN) WindowsPowerShell/5.1.26100.8875" status=200 reqSize=20 respSize=96 latency=0
