[2026-08-12 02:30:00] === 开始自动部署 ===
[2026-08-12 02:30:00] 1. 拉取并强制对齐远程代码...
[2026-08-12 02:30:01] 代码未变化，无需部署
[2026-08-12 11:42:04] === 开始自动部署 ===
[2026-08-12 11:42:04] 1. 拉取并强制对齐远程代码...
[2026-08-12 11:44:18] 错误：git fetch 失败
[2026-08-12 11:44:19] === 开始自动部署 ===
[2026-08-12 11:44:19] 1. 拉取并强制对齐远程代码...
[2026-08-12 11:44:20] 代码已更新: 0eedb7c551fb49acb3cbe3a20b8d5150498c42a7 -> 3dd6918f9e2c24318c21a771a1033b74b5c12f78
[2026-08-12 11:44:20] 2. 重建镜像并部署...
[2026-08-12 11:45:04] 镜像构建并部署成功
[2026-08-12 11:45:07] 健康检查通过
[2026-08-12 11:45:07] === 自动部署完成 ===
[2026-08-12 17:55:22] === 开始自动部署 ===
[2026-08-12 17:55:22] 1. 拉取并强制对齐远程代码...
[2026-08-12 17:55:23] 代码已更新: 3dd6918f9e2c24318c21a771a1033b74b5c12f78 -> ac147456e50333c2a9398101424bf8f38efd2afe
[2026-08-12 17:55:23] 2. 重建镜像并部署...
[2026-08-12 17:55:46] 错误：镜像构建/部署失败
[2026-08-12 17:55:47] === 开始自动部署 ===
[2026-08-12 17:55:47] 1. 拉取并强制对齐远程代码...
[2026-08-12 17:55:48] 代码未变化，无需部署
