[2026-08-11 02:30:00] === 开始自动部署 ===
[2026-08-11 02:30:00] 1. 拉取并强制对齐远程代码...
[2026-08-11 02:30:00] 代码未变化，无需部署
[2026-08-11 16:01:25] === 开始自动部署 ===
[2026-08-11 16:01:25] 1. 拉取并强制对齐远程代码...
[2026-08-11 16:01:26] 代码已更新: b5a5067f4eda6604a5df9fc4457cf9d7c8d67fe8 -> 4c685570a6ca303930d426c7128eec567f927755
[2026-08-11 16:01:26] 2. 重建镜像并部署...
[2026-08-11 16:02:28] 镜像构建并部署成功
[2026-08-11 16:02:31] 健康检查通过
[2026-08-11 16:02:31] === 自动部署完成 ===
[2026-08-11 16:20:10] === 开始自动部署 ===
[2026-08-11 16:20:10] 1. 拉取并强制对齐远程代码...
[2026-08-11 16:20:11] 代码已更新: 4c685570a6ca303930d426c7128eec567f927755 -> ff051d5fb4fad5a300be346943cd1600f2ce6230
[2026-08-11 16:20:11] 2. 重建镜像并部署...
[2026-08-11 16:20:39] 镜像构建并部署成功
[2026-08-11 16:20:42] 健康检查通过
[2026-08-11 16:20:42] === 自动部署完成 ===
[2026-08-11 16:35:58] === 开始自动部署 ===
[2026-08-11 16:35:58] 1. 拉取并强制对齐远程代码...
[2026-08-11 16:35:59] 代码已更新: ff051d5fb4fad5a300be346943cd1600f2ce6230 -> 1aa5ee98890cc4870f996353365859af070dd075
[2026-08-11 16:35:59] 2. 重建镜像并部署...
[2026-08-11 16:36:26] 镜像构建并部署成功
[2026-08-11 16:36:29] 健康检查通过
[2026-08-11 16:36:29] === 自动部署完成 ===
[2026-08-11 16:55:20] === 开始自动部署 ===
[2026-08-11 16:55:20] 1. 拉取并强制对齐远程代码...
[2026-08-11 16:55:21] 代码已更新: 1aa5ee98890cc4870f996353365859af070dd075 -> 3399822ddef478878ba5374780a726e14c3661b7
[2026-08-11 16:55:21] 2. 重建镜像并部署...
[2026-08-11 16:55:49] 镜像构建并部署成功
[2026-08-11 16:55:52] 健康检查通过
[2026-08-11 16:55:52] === 自动部署完成 ===
[2026-08-11 17:52:37] === 开始自动部署 ===
[2026-08-11 17:52:37] 1. 拉取并强制对齐远程代码...
[2026-08-11 17:52:38] 代码已更新: 3399822ddef478878ba5374780a726e14c3661b7 -> e63c69f8b2cc15112e72b70d7d1e899116287547
[2026-08-11 17:52:38] 2. 重建镜像并部署...
[2026-08-11 17:53:06] 镜像构建并部署成功
[2026-08-11 17:53:09] 健康检查通过
[2026-08-11 17:53:09] === 自动部署完成 ===
[2026-08-11 17:55:38] === 开始自动部署 ===
[2026-08-11 17:55:38] 1. 拉取并强制对齐远程代码...
[2026-08-11 17:55:39] 代码已更新: e63c69f8b2cc15112e72b70d7d1e899116287547 -> 65617b07364702015bee42dbfb43b6111bcd3ed4
[2026-08-11 17:55:39] 2. 重建镜像并部署...
[2026-08-11 17:56:06] 镜像构建并部署成功
[2026-08-11 17:56:09] 健康检查通过
[2026-08-11 17:56:09] === 自动部署完成 ===
[2026-08-11 17:58:31] === 开始自动部署 ===
[2026-08-11 17:58:31] 1. 拉取并强制对齐远程代码...
[2026-08-11 17:58:32] 代码已更新: 65617b07364702015bee42dbfb43b6111bcd3ed4 -> 0eedb7c551fb49acb3cbe3a20b8d5150498c42a7
[2026-08-11 17:58:32] 2. 重建镜像并部署...
[2026-08-11 17:58:59] 镜像构建并部署成功
[2026-08-11 17:59:02] 健康检查通过
[2026-08-11 17:59:02] === 自动部署完成 ===
